2026-06-18 09:15:42,030 - Restaurant67 - INFO - Fonts loaded successfully.
2026-06-18 09:15:42,064 - Restaurant67 - INFO - Background image loaded.
2026-06-18 09:15:42,064 - Restaurant67 - INFO - Game initialized
2026-06-18 09:15:43,724 - Restaurant67 - INFO - Transitioned to CHARACTER_SELECT
2026-06-18 09:15:44,883 - Restaurant67 - INFO - Transitioned to GAMEPLAY
2026-06-18 09:15:44,883 - Restaurant67 - INFO - Initializing gameplay...
2026-06-18 09:15:44,917 - Restaurant67 - INFO - TMX map loaded: assets/Restaurant.tmx
2026-06-18 09:15:44,923 - Restaurant67 - INFO - Gameplay initialized.
2026-06-18 09:15:46,959 - Restaurant67 - INFO - Player hit by enemy - GAME OVER
2026-06-18 09:15:47,663 - Restaurant67 - INFO - Retry - restarting gameplay
2026-06-18 09:15:47,663 - Restaurant67 - INFO - Initializing gameplay...
2026-06-18 09:15:47,681 - Restaurant67 - INFO - TMX map loaded: assets/Restaurant.tmx
2026-06-18 09:15:47,683 - Restaurant67 - INFO - Gameplay initialized.
2026-06-18 09:15:51,981 - Restaurant67 - INFO - Player hit by enemy - GAME OVER
2026-06-18 09:15:52,682 - Restaurant67 - INFO - Retry - restarting gameplay
2026-06-18 09:15:52,682 - Restaurant67 - INFO - Initializing gameplay...
2026-06-18 09:15:52,699 - Restaurant67 - INFO - TMX map loaded: assets/Restaurant.tmx
2026-06-18 09:15:52,700 - Restaurant67 - INFO - Gameplay initialized.
2026-06-18 09:16:10,973 - Restaurant67 - INFO - Player hit by enemy - GAME OVER
2026-06-18 09:16:12,781 - Restaurant67 - INFO - Game exited.
2026-06-18 09:16:48,667 - Restaurant67 - INFO - Fonts loaded successfully.
2026-06-18 09:16:48,690 - Restaurant67 - INFO - Background image loaded.
2026-06-18 09:16:48,691 - Restaurant67 - INFO - Game initialized
2026-06-18 09:16:49,509 - Restaurant67 - INFO - Transitioned to CHARACTER_SELECT
2026-06-18 09:16:50,170 - Restaurant67 - INFO - Transitioned to GAMEPLAY
2026-06-18 09:16:50,170 - Restaurant67 - INFO - Initializing gameplay...
2026-06-18 09:16:50,188 - Restaurant67 - INFO - TMX map loaded: assets/Restaurant.tmx
2026-06-18 09:16:50,190 - Restaurant67 - INFO - Gameplay initialized.
2026-06-18 09:16:52,034 - Restaurant67 - INFO - Player hit by enemy - GAME OVER
2026-06-18 09:16:53,785 - Restaurant67 - INFO - Game exited.
